Not Found: /car/toyota-lc-300
Not Found: /car/mercedes-benz-g55-amg
Not Found: /car/toyota-lc-200_20240518093415
Not Found: /car/mercedes-w-221-s500
Not Found: /car/hyundai-sonata-style-plus
Not Found: /car/toyota-camry-xv-70-se
Not Found: /car/hyundai-sonata-2021
Not Found: /car/toyota-rav4
Not Found: /car/kia-cerato-komplektacia-prestige-2021-god
Not Found: /car/hyundai-tucson-2020-god
Not Found: /car/toyota-camry-xv-70_20231212174258
Not Found: /car/toyota-camry-55-n4-navi
Not Found: /car/hyundai-kona
Not Found: /car/suzuki-crand-vitara-awd-2022
Not Found: /car/toyota-corolla
Not Found: /car/toyota-camry-xv-50
Not Found: /car/hyundai-elantra_20221118075736
Not Found: /car/hyundai-solaris_20230907041113
Not Found: /car/mitsubishi-galant
Not Found: /car/kia-rio-2020-1-6-avtomat
Not Found: /car/hyundai-accent_20211105101122
Not Found: /car/hyundai-accent_20211105101548
Not Found: /car/hyundai-solaris
Not Found: /car/hyundai-solaris_20220819120531
Not Found: /car/hyundai-accent_20220912105513
Not Found: /car/chevrolet-aveo
Not Found: /car/ravon-r-2-2023
{"legacy_urls": 122, "preserved_200": 95, "old_500_now_404": 27, "passed": 122, "failures": []}
